[36mvite v8.0.0 [32mbuilding client environment for production...[36m[39m
[2K
transforming...笨・77 modules transformed.
